warning: `extern` fn uses type `&Self`, which is not FFI-safe
  --> $DIR/improper_ctypes_definitions_ice_134060.rs:11:24
   |
LL |     extern "C" fn foo_(&self, _: ()) -> i64 {
   |                        ^^^^^ not FFI-safe
   |
   = help: consider using a raw pointer, or wrapping `&Self` in an `Option<_>`
   = note: boxes, references, and function pointers are assumed to be valid (non-null, non-dangling, aligned) pointers,
           which cannot be garanteed if their values are produced by non-rust code
   = note: `#[warn(improper_c_fn_definitions)]` on by default

warning: `extern` fn uses type `()`, which is not FFI-safe
  --> $DIR/improper_ctypes_definitions_ice_134060.rs:11:34
   |
LL |     extern "C" fn foo_(&self, _: ()) -> i64 {
   |                                  ^^ not FFI-safe
   |
   = help: consider using a struct instead
   = note: tuples have unspecified layout

warning: 2 warnings emitted

