error: `extern` block uses type `A<()>`, which is not FFI-safe
  --> $DIR/lint-73249-2.rs:29:21
   |
LL |     fn lint_me() -> A<()>;
   |                     ^^^^^ not FFI-safe
   |
   = note: this struct/enum/union (`A<()>`) is FFI-unsafe due to a `&Qux` field
note: the type is defined here
  --> $DIR/lint-73249-2.rs:22:1
   |
LL | struct A<T: Foo> {
   | ^^^^^^^^^^^^^^^^
   = help: consider using a raw pointer, or wrapping `&Qux` in an `Option<_>`
   = note: boxes, references, and function pointers are assumed to be valid (non-null, non-dangling, aligned) pointers,
           which cannot be garanteed if their values are produced by non-rust code
note: the lint level is defined here
  --> $DIR/lint-73249-2.rs:2:9
   |
LL | #![deny(improper_ctypes)]
   |         ^^^^^^^^^^^^^^^

error: aborting due to 1 previous error

