error: `extern` fn uses type `Option<(u32) is 0..>`, which is not FFI-safe
  --> $DIR/lint-pattern-types.rs:27:9
   |
LL |     ao: Option<pattern_type!(u32 is 0..)>,
   |         ^^^^^^^^^^^^^^^^^^^^^^^^^^^^^^^^^ not FFI-safe
   |
   = help: consider adding a `#[repr(C)]`, `#[repr(transparent)]`, or integer `#[repr(...)]` attribute to this enum
   = note: enum has no representation hint
note: the lint level is defined here
  --> $DIR/lint-pattern-types.rs:10:9
   |
LL | #![deny(improper_c_fn_definitions)]
   |         ^^^^^^^^^^^^^^^^^^^^^^^^^

error: `extern` fn uses type `(u32) is 1..`, which is not FFI-safe
  --> $DIR/lint-pattern-types.rs:28:8
   |
LL |     b: pattern_type!(u32 is 1..),
   |        ^^^^^^^^^^^^^^^^^^^^^^^^^ not FFI-safe
   |
   = help: consider using the base type instead, or wrapping `(u32) is 1..` in an `Option<_>`
   = note: integer-pattern types with one disallowed value and no `Option` wrapping cannot have their value be provided by non-rust code

error: `extern` fn uses type `(u32) is 2..`, which is not FFI-safe
  --> $DIR/lint-pattern-types.rs:30:8
   |
LL |     c: pattern_type!(u32 is 2..),
   |        ^^^^^^^^^^^^^^^^^^^^^^^^^ not FFI-safe
   |
   = help: consider using the base type instead
   = note: integer-pattern types with more than one disallowed value cannot have their value be provided by non-rust code

error: `extern` fn uses type `(u32) is 2..`, which is not FFI-safe
  --> $DIR/lint-pattern-types.rs:31:9
   |
LL |     co: Option<pattern_type!(u32 is 2..)>,
   |         ^^^^^^^^^^^^^^^^^^^^^^^^^^^^^^^^^ not FFI-safe
   |
   = help: consider using the base type instead
   = note: integer-pattern types with more than one disallowed value cannot have their value be provided by non-rust code

error: `extern` fn uses type `i128`, which is not FFI-safe
  --> $DIR/lint-pattern-types.rs:36:9
   |
LL |     e3: Option<pattern_type!(i128 is ..0x7fffffff_ffffffff_ffffffff_ffffffff)>,
   |         ^^^^^^^^^^^^^^^^^^^^^^^^^^^^^^^^^^^^^^^^^^^^^^^^^^^^^^^^^^^^^^^^^^^^^^ not FFI-safe
   |
   = note: 128-bit integers don't currently have a known stable ABI

error: `extern` fn uses type `u128`, which is not FFI-safe
  --> $DIR/lint-pattern-types.rs:38:9
   |
LL |     e4: Option<pattern_type!(u128 is ..0xffffffff_ffffffff_ffffffff_ffffffff)>,
   |         ^^^^^^^^^^^^^^^^^^^^^^^^^^^^^^^^^^^^^^^^^^^^^^^^^^^^^^^^^^^^^^^^^^^^^^ not FFI-safe
   |
   = note: 128-bit integers don't currently have a known stable ABI

error: `extern` fn uses type `i128`, which is not FFI-safe
  --> $DIR/lint-pattern-types.rs:42:9
   |
LL |     f3: Option<pattern_type!(i128 is -0x7fffffff_ffffffff_ffffffff_ffffffff..)>,
   |         ^^^^^^^^^^^^^^^^^^^^^^^^^^^^^^^^^^^^^^^^^^^^^^^^^^^^^^^^^^^^^^^^^^^^^^^ not FFI-safe
   |
   = note: 128-bit integers don't currently have a known stable ABI

error: `extern` fn uses type `u128`, which is not FFI-safe
  --> $DIR/lint-pattern-types.rs:44:9
   |
LL |     f4: Option<pattern_type!(u128 is 1..)>,
   |         ^^^^^^^^^^^^^^^^^^^^^^^^^^^^^^^^^^ not FFI-safe
   |
   = note: 128-bit integers don't currently have a known stable ABI

error: `extern` fn uses type `i128`, which is not FFI-safe
  --> $DIR/lint-pattern-types.rs:52:10
   |
LL |     g31: Option<pattern_type!(i128 is ..-2 | -1..)>,
   |          ^^^^^^^^^^^^^^^^^^^^^^^^^^^^^^^^^^^^^^^^^^ not FFI-safe
   |
   = note: 128-bit integers don't currently have a known stable ABI

error: `extern` fn uses type `i128`, which is not FFI-safe
  --> $DIR/lint-pattern-types.rs:54:10
   |
LL |     g32: Option<pattern_type!(i128 is ..-1 | 0..)>,
   |          ^^^^^^^^^^^^^^^^^^^^^^^^^^^^^^^^^^^^^^^^^ not FFI-safe
   |
   = note: 128-bit integers don't currently have a known stable ABI

error: `extern` fn uses type `i128`, which is not FFI-safe
  --> $DIR/lint-pattern-types.rs:56:10
   |
LL |     g33: Option<pattern_type!(i128 is ..0 | 1..)>,
   |          ^^^^^^^^^^^^^^^^^^^^^^^^^^^^^^^^^^^^^^^^ not FFI-safe
   |
   = note: 128-bit integers don't currently have a known stable ABI

error: `extern` fn uses type `i128`, which is not FFI-safe
  --> $DIR/lint-pattern-types.rs:58:10
   |
LL |     g34: Option<pattern_type!(i128 is ..1 | 2..)>,
   |          ^^^^^^^^^^^^^^^^^^^^^^^^^^^^^^^^^^^^^^^^ not FFI-safe
   |
   = note: 128-bit integers don't currently have a known stable ABI

error: `extern` fn uses type `(usize) is 1..`, which is not FFI-safe
  --> $DIR/lint-pattern-types.rs:64:9
   |
LL |     h1: pattern_type!(usize is 1..),
   |         ^^^^^^^^^^^^^^^^^^^^^^^^^^^ not FFI-safe
   |
   = help: consider using the base type instead, or wrapping `(usize) is 1..` in an `Option<_>`
   = note: integer-pattern types with one disallowed value and no `Option` wrapping cannot have their value be provided by non-rust code

error: `extern` fn uses type `(usize) is 0..=18446744073709551613`, which is not FFI-safe
  --> $DIR/lint-pattern-types.rs:65:9
   |
LL |     h2: pattern_type!(usize is ..USZM1),
   |         ^^^^^^^^^^^^^^^^^^^^^^^^^^^^^^^ not FFI-safe
   |
   = help: consider using the base type instead
   = note: integer-pattern types with more than one disallowed value cannot have their value be provided by non-rust code

error: `extern` fn uses type `(isize) is -9223372036854775807..`, which is not FFI-safe
  --> $DIR/lint-pattern-types.rs:67:9
   |
LL |     h4: pattern_type!(isize is ISZP1..),
   |         ^^^^^^^^^^^^^^^^^^^^^^^^^^^^^^^ not FFI-safe
   |
   = help: consider using the base type instead, or wrapping `(isize) is -9223372036854775807..` in an `Option<_>`
   = note: integer-pattern types with one disallowed value and no `Option` wrapping cannot have their value be provided by non-rust code

error: `extern` fn uses type `char`, which is not FFI-safe
  --> $DIR/lint-pattern-types.rs:69:8
   |
LL |     h: pattern_type!(char is '\0'..),
   |        ^^^^^^^^^^^^^^^^^^^^^^^^^^^^^ not FFI-safe
   |
   = help: consider using `u32` or `libc::wchar_t` instead
   = note: the `char` type has no C equivalent

error: `extern` fn uses type `(char) is '\0'..`, which is not FFI-safe
  --> $DIR/lint-pattern-types.rs:69:8
   |
LL |     h: pattern_type!(char is '\0'..),
   |        ^^^^^^^^^^^^^^^^^^^^^^^^^^^^^ not FFI-safe
   |
   = help: consider using the base type instead
   = note: integer-pattern types with more than one disallowed value cannot have their value be provided by non-rust code

error: aborting due to 17 previous errors

