error: `extern` block uses type `Z`, which is not FFI-safe
  --> $DIR/lint-enum.rs:80:14
   |
LL |     fn zf(x: Z);
   |              ^ not FFI-safe
   |
   = note: zero-variant enums and other uninhabited types are not allowed in function arguments and static variables
note: the type is defined here
  --> $DIR/lint-enum.rs:8:1
   |
LL | enum Z {}
   | ^^^^^^
note: the lint level is defined here
  --> $DIR/lint-enum.rs:2:9
   |
LL | #![deny(improper_ctypes)]
   |         ^^^^^^^^^^^^^^^

error: `extern` block uses type `U`, which is not FFI-safe
  --> $DIR/lint-enum.rs:81:14
   |
LL |     fn uf(x: U);
   |              ^ not FFI-safe
   |
   = help: consider adding a `#[repr(C)]`, `#[repr(transparent)]`, or integer `#[repr(...)]` attribute to this enum
   = note: enum has no representation hint
note: the type is defined here
  --> $DIR/lint-enum.rs:9:1
   |
LL | enum U {
   | ^^^^^^

error: `extern` block uses type `B`, which is not FFI-safe
  --> $DIR/lint-enum.rs:82:14
   |
LL |     fn bf(x: B);
   |              ^ not FFI-safe
   |
   = help: consider adding a `#[repr(C)]`, `#[repr(transparent)]`, or integer `#[repr(...)]` attribute to this enum
   = note: enum has no representation hint
note: the type is defined here
  --> $DIR/lint-enum.rs:12:1
   |
LL | enum B {
   | ^^^^^^

error: `extern` block uses type `T`, which is not FFI-safe
  --> $DIR/lint-enum.rs:83:14
   |
LL |     fn tf(x: T);
   |              ^ not FFI-safe
   |
   = help: consider adding a `#[repr(C)]`, `#[repr(transparent)]`, or integer `#[repr(...)]` attribute to this enum
   = note: enum has no representation hint
note: the type is defined here
  --> $DIR/lint-enum.rs:16:1
   |
LL | enum T {
   | ^^^^^^

error: `extern` block uses type `Option<TransparentUnion<NonZero<u8>>>`, which is not FFI-safe
  --> $DIR/lint-enum.rs:107:36
   |
LL |     fn option_transparent_union(x: Option<TransparentUnion<num::NonZero<u8>>>);
   |                                    ^^^^^^^^^^^^^^^^^^^^^^^^^^^^^^^^^^^^^^^^^^ not FFI-safe
   |
   = help: consider adding a `#[repr(C)]`, `#[repr(transparent)]`, or integer `#[repr(...)]` attribute to this enum
   = note: enum has no representation hint

error: `extern` block uses type `Option<Rust<NonZero<u8>>>`, which is not FFI-safe
  --> $DIR/lint-enum.rs:109:28
   |
LL |     fn option_repr_rust(x: Option<Rust<num::NonZero<u8>>>);
   |                            ^^^^^^^^^^^^^^^^^^^^^^^^^^^^^^ not FFI-safe
   |
   = help: consider adding a `#[repr(C)]`, `#[repr(transparent)]`, or integer `#[repr(...)]` attribute to this enum
   = note: enum has no representation hint

error: `extern` block uses type `Option<u8>`, which is not FFI-safe
  --> $DIR/lint-enum.rs:110:21
   |
LL |     fn option_u8(x: Option<u8>);
   |                     ^^^^^^^^^^ not FFI-safe
   |
   = help: consider adding a `#[repr(C)]`, `#[repr(transparent)]`, or integer `#[repr(...)]` attribute to this enum
   = note: enum has no representation hint

error: `extern` block uses type `Result<TransparentUnion<NonZero<u8>>, ()>`, which is not FFI-safe
  --> $DIR/lint-enum.rs:130:38
   |
LL |     fn result_transparent_union_t(x: Result<TransparentUnion<num::NonZero<u8>>, ()>);
   |                                      ^^^^^^^^^^^^^^^^^^^^^^^^^^^^^^^^^^^^^^^^^^^^^^ not FFI-safe
   |
   = help: consider adding a `#[repr(C)]`, `#[repr(transparent)]`, or integer `#[repr(...)]` attribute to this enum
   = note: enum has no representation hint

error: `extern` block uses type `Result<Rust<NonZero<u8>>, ()>`, which is not FFI-safe
  --> $DIR/lint-enum.rs:132:30
   |
LL |     fn result_repr_rust_t(x: Result<Rust<num::NonZero<u8>>, ()>);
   |                              ^^^^^^^^^^^^^^^^^^^^^^^^^^^^^^^^^^ not FFI-safe
   |
   = help: consider adding a `#[repr(C)]`, `#[repr(transparent)]`, or integer `#[repr(...)]` attribute to this enum
   = note: enum has no representation hint

error: `extern` block uses type `Result<NonZero<u8>, U>`, which is not FFI-safe
  --> $DIR/lint-enum.rs:136:51
   |
LL |     fn result_1zst_exhaustive_single_variant_t(x: Result<num::NonZero<u8>, U>);
   |                                                   ^^^^^^^^^^^^^^^^^^^^^^^^^^^ not FFI-safe
   |
   = help: consider adding a `#[repr(C)]`, `#[repr(transparent)]`, or integer `#[repr(...)]` attribute to this enum
   = note: enum has no representation hint

error: `extern` block uses type `Result<NonZero<u8>, B>`, which is not FFI-safe
  --> $DIR/lint-enum.rs:138:53
   |
LL |     fn result_1zst_exhaustive_multiple_variant_t(x: Result<num::NonZero<u8>, B>);
   |                                                     ^^^^^^^^^^^^^^^^^^^^^^^^^^^ not FFI-safe
   |
   = help: consider adding a `#[repr(C)]`, `#[repr(transparent)]`, or integer `#[repr(...)]` attribute to this enum
   = note: enum has no representation hint

error: `extern` block uses type `Result<NonZero<u8>, NonExhaustive>`, which is not FFI-safe
  --> $DIR/lint-enum.rs:140:51
   |
LL |     fn result_1zst_non_exhaustive_no_variant_t(x: Result<num::NonZero<u8>, NonExhaustive>);
   |                                                   ^^^^^^^^^^^^^^^^^^^^^^^^^^^^^^^^^^^^^^^ not FFI-safe
   |
   = help: consider adding a `#[repr(C)]`, `#[repr(transparent)]`, or integer `#[repr(...)]` attribute to this enum
   = note: enum has no representation hint

error: `extern` block uses type `Result<NonZero<u8>, Field>`, which is not FFI-safe
  --> $DIR/lint-enum.rs:143:49
   |
LL |     fn result_1zst_exhaustive_single_field_t(x: Result<num::NonZero<u8>, Field>);
   |                                                 ^^^^^^^^^^^^^^^^^^^^^^^^^^^^^^^ not FFI-safe
   |
   = help: consider adding a `#[repr(C)]`, `#[repr(transparent)]`, or integer `#[repr(...)]` attribute to this enum
   = note: enum has no representation hint

error: `extern` block uses type `Result<Result<(), NonZero<u8>>, ()>`, which is not FFI-safe
  --> $DIR/lint-enum.rs:145:30
   |
LL |     fn result_cascading_t(x: Result<Result<(), num::NonZero<u8>>, ()>);
   |                              ^^^^^^^^^^^^^^^^^^^^^^^^^^^^^^^^^^^^^^^^ not FFI-safe
   |
   = help: consider adding a `#[repr(C)]`, `#[repr(transparent)]`, or integer `#[repr(...)]` attribute to this enum
   = note: enum has no representation hint

error: `extern` block uses type `Result<(), TransparentUnion<NonZero<u8>>>`, which is not FFI-safe
  --> $DIR/lint-enum.rs:166:38
   |
LL |     fn result_transparent_union_e(x: Result<(), TransparentUnion<num::NonZero<u8>>>);
   |                                      ^^^^^^^^^^^^^^^^^^^^^^^^^^^^^^^^^^^^^^^^^^^^^^ not FFI-safe
   |
   = help: consider adding a `#[repr(C)]`, `#[repr(transparent)]`, or integer `#[repr(...)]` attribute to this enum
   = note: enum has no representation hint

error: `extern` block uses type `Result<(), Rust<NonZero<u8>>>`, which is not FFI-safe
  --> $DIR/lint-enum.rs:168:30
   |
LL |     fn result_repr_rust_e(x: Result<(), Rust<num::NonZero<u8>>>);
   |                              ^^^^^^^^^^^^^^^^^^^^^^^^^^^^^^^^^^ not FFI-safe
   |
   = help: consider adding a `#[repr(C)]`, `#[repr(transparent)]`, or integer `#[repr(...)]` attribute to this enum
   = note: enum has no representation hint

error: `extern` block uses type `Result<U, NonZero<u8>>`, which is not FFI-safe
  --> $DIR/lint-enum.rs:172:51
   |
LL |     fn result_1zst_exhaustive_single_variant_e(x: Result<U, num::NonZero<u8>>);
   |                                                   ^^^^^^^^^^^^^^^^^^^^^^^^^^^ not FFI-safe
   |
   = help: consider adding a `#[repr(C)]`, `#[repr(transparent)]`, or integer `#[repr(...)]` attribute to this enum
   = note: enum has no representation hint

error: `extern` block uses type `Result<B, NonZero<u8>>`, which is not FFI-safe
  --> $DIR/lint-enum.rs:174:53
   |
LL |     fn result_1zst_exhaustive_multiple_variant_e(x: Result<B, num::NonZero<u8>>);
   |                                                     ^^^^^^^^^^^^^^^^^^^^^^^^^^^ not FFI-safe
   |
   = help: consider adding a `#[repr(C)]`, `#[repr(transparent)]`, or integer `#[repr(...)]` attribute to this enum
   = note: enum has no representation hint

error: `extern` block uses type `Result<NonExhaustive, NonZero<u8>>`, which is not FFI-safe
  --> $DIR/lint-enum.rs:176:51
   |
LL |     fn result_1zst_non_exhaustive_no_variant_e(x: Result<NonExhaustive, num::NonZero<u8>>);
   |                                                   ^^^^^^^^^^^^^^^^^^^^^^^^^^^^^^^^^^^^^^^ not FFI-safe
   |
   = help: consider adding a `#[repr(C)]`, `#[repr(transparent)]`, or integer `#[repr(...)]` attribute to this enum
   = note: enum has no representation hint

error: `extern` block uses type `Result<Field, NonZero<u8>>`, which is not FFI-safe
  --> $DIR/lint-enum.rs:179:49
   |
LL |     fn result_1zst_exhaustive_single_field_e(x: Result<Field, num::NonZero<u8>>);
   |                                                 ^^^^^^^^^^^^^^^^^^^^^^^^^^^^^^^ not FFI-safe
   |
   = help: consider adding a `#[repr(C)]`, `#[repr(transparent)]`, or integer `#[repr(...)]` attribute to this enum
   = note: enum has no representation hint

error: `extern` block uses type `Result<(), Result<(), NonZero<u8>>>`, which is not FFI-safe
  --> $DIR/lint-enum.rs:181:30
   |
LL |     fn result_cascading_e(x: Result<(), Result<(), num::NonZero<u8>>>);
   |                              ^^^^^^^^^^^^^^^^^^^^^^^^^^^^^^^^^^^^^^^^ not FFI-safe
   |
   = help: consider adding a `#[repr(C)]`, `#[repr(transparent)]`, or integer `#[repr(...)]` attribute to this enum
   = note: enum has no representation hint

error: `extern` block uses type `Result<(), ()>`, which is not FFI-safe
  --> $DIR/lint-enum.rs:183:27
   |
LL |     fn result_unit_t_e(x: Result<(), ()>);
   |                           ^^^^^^^^^^^^^^ not FFI-safe
   |
   = help: consider adding a `#[repr(C)]`, `#[repr(transparent)]`, or integer `#[repr(...)]` attribute to this enum
   = note: enum has no representation hint

error: aborting due to 22 previous errors

