error: `extern` fn uses type `&[u32]`, which is not FFI-safe
  --> $DIR/lint-ctypes-fn.rs:70:33
   |
LL | pub extern "C" fn slice_type(p: &[u32]) { }
   |                                 ^^^^^^ not FFI-safe
   |
   = help: consider using a raw pointer to the slice's first element (and a length) instead
   = note: this reference to an unsized type contains metadata, which makes it incompatible with a C pointer
note: the lint level is defined here
  --> $DIR/lint-ctypes-fn.rs:2:9
   |
LL | #![deny(improper_ctypes_definitions)]
   |         ^^^^^^^^^^^^^^^^^^^^^^^^^^^

error: `extern` fn uses type `&str`, which is not FFI-safe
  --> $DIR/lint-ctypes-fn.rs:73:31
   |
LL | pub extern "C" fn str_type(p: &str) { }
   |                               ^^^^ not FFI-safe
   |
   = help: consider using `*const u8` and a length instead
   = note: this reference to an unsized type contains metadata, which makes it incompatible with a C pointer

error: `extern` fn uses type `Box<u32>`, which is not FFI-safe
  --> $DIR/lint-ctypes-fn.rs:76:31
   |
LL | pub extern "C" fn box_type(p: Box<u32>) { }
   |                               ^^^^^^^^ not FFI-safe
   |
   = help: consider using a raw pointer, or wrapping `Box<u32>` in an `Option<_>`
   = note: boxes and references are assumed to be valid (non-null, non-dangling, aligned) pointers,
           which cannot be garanteed if their values are produced by non-rust code

error: `extern` fn uses type `Box<[u8]>`, which is not FFI-safe
  --> $DIR/lint-ctypes-fn.rs:82:34
   |
LL | pub extern "C" fn boxed_slice(p: Box<[u8]>) { }
   |                                  ^^^^^^^^^ not FFI-safe
   |
   = help: consider using a raw pointer to the slice's first element (and a length) instead
   = note: this box for an unsized type contains metadata, which makes it incompatible with a C pointer

error: `extern` fn uses type `Box<str>`, which is not FFI-safe
  --> $DIR/lint-ctypes-fn.rs:85:35
   |
LL | pub extern "C" fn boxed_string(p: Box<str>) { }
   |                                   ^^^^^^^^ not FFI-safe
   |
   = help: consider using `*const u8` and a length instead
   = note: this box for an unsized type contains metadata, which makes it incompatible with a C pointer

error: `extern` fn uses type `Box<dyn Trait>`, which is not FFI-safe
  --> $DIR/lint-ctypes-fn.rs:88:34
   |
LL | pub extern "C" fn boxed_trait(p: Box<dyn Trait>) { }
   |                                  ^^^^^^^^^^^^^^ not FFI-safe
   |
   = note: this box for an unsized type contains metadata, which makes it incompatible with a C pointer

error: `extern` fn uses type `char`, which is not FFI-safe
  --> $DIR/lint-ctypes-fn.rs:91:32
   |
LL | pub extern "C" fn char_type(p: char) { }
   |                                ^^^^ not FFI-safe
   |
   = help: consider using `u32` or `libc::wchar_t` instead
   = note: the `char` type has no C equivalent

error: `extern` fn uses type `i128`, which is not FFI-safe
  --> $DIR/lint-ctypes-fn.rs:94:32
   |
LL | pub extern "C" fn i128_type(p: i128) { }
   |                                ^^^^ not FFI-safe
   |
   = note: 128-bit integers don't currently have a known stable ABI

error: `extern` fn uses type `u128`, which is not FFI-safe
  --> $DIR/lint-ctypes-fn.rs:97:32
   |
LL | pub extern "C" fn u128_type(p: u128) { }
   |                                ^^^^ not FFI-safe
   |
   = note: 128-bit integers don't currently have a known stable ABI

error: `extern` fn uses type `(i32, i32)`, which is not FFI-safe
  --> $DIR/lint-ctypes-fn.rs:100:33
   |
LL | pub extern "C" fn tuple_type(p: (i32, i32)) { }
   |                                 ^^^^^^^^^^ not FFI-safe
   |
   = help: consider using a struct instead
   = note: tuples have unspecified layout

error: `extern` fn uses type `(i32, i32)`, which is not FFI-safe
  --> $DIR/lint-ctypes-fn.rs:103:34
   |
LL | pub extern "C" fn tuple_type2(p: I32Pair) { }
   |                                  ^^^^^^^ not FFI-safe
   |
   = help: consider using a struct instead
   = note: tuples have unspecified layout

error: `extern` fn uses type `ZeroSize`, which is not FFI-safe
  --> $DIR/lint-ctypes-fn.rs:106:32
   |
LL | pub extern "C" fn zero_size(p: ZeroSize) { }
   |                                ^^^^^^^^ not FFI-safe
   |
   = help: consider adding a member to this struct
   = note: this struct has no fields
note: the type is defined here
  --> $DIR/lint-ctypes-fn.rs:25:1
   |
LL | pub struct ZeroSize;
   | ^^^^^^^^^^^^^^^^^^^

error: `extern` fn uses type `ZeroSizeWithPhantomData`, which is not FFI-safe
  --> $DIR/lint-ctypes-fn.rs:109:40
   |
LL | pub extern "C" fn zero_size_phantom(p: ZeroSizeWithPhantomData) { }
   |                                        ^^^^^^^^^^^^^^^^^^^^^^^ not FFI-safe
   |
   = note: composed only of `PhantomData`
note: the type is defined here
  --> $DIR/lint-ctypes-fn.rs:60:1
   |
LL | pub struct ZeroSizeWithPhantomData(PhantomData<i32>);
   | ^^^^^^^^^^^^^^^^^^^^^^^^^^^^^^^^^^

error: `extern` fn uses type `PhantomData<bool>`, which is not FFI-safe
  --> $DIR/lint-ctypes-fn.rs:112:51
   |
LL | pub extern "C" fn zero_size_phantom_toplevel() -> PhantomData<bool> {
   |                                                   ^^^^^^^^^^^^^^^^^ not FFI-safe
   |
   = note: composed only of `PhantomData`

error: `extern` fn uses type `fn()`, which is not FFI-safe
  --> $DIR/lint-ctypes-fn.rs:117:30
   |
LL | pub extern "C" fn fn_type(p: RustFn) { }
   |                              ^^^^^^ not FFI-safe
   |
   = help: consider using an `extern fn(...) -> ...` function pointer instead
   = note: this function pointer has Rust-specific calling convention

error: `extern` fn uses type `fn()`, which is not FFI-safe
  --> $DIR/lint-ctypes-fn.rs:120:31
   |
LL | pub extern "C" fn fn_type2(p: fn()) { }
   |                               ^^^^ not FFI-safe
   |
   = help: consider using an `extern fn(...) -> ...` function pointer instead
   = note: this function pointer has Rust-specific calling convention

error: `extern` fn uses type `i128`, which is not FFI-safe
  --> $DIR/lint-ctypes-fn.rs:125:39
   |
LL | pub extern "C" fn transparent_i128(p: TransparentI128) { }
   |                                       ^^^^^^^^^^^^^^^ not FFI-safe
   |
   = note: 128-bit integers don't currently have a known stable ABI

error: `extern` fn uses type `&str`, which is not FFI-safe
  --> $DIR/lint-ctypes-fn.rs:128:38
   |
LL | pub extern "C" fn transparent_str(p: TransparentStr) { }
   |                                      ^^^^^^^^^^^^^^ not FFI-safe
   |
   = help: consider using `*const u8` and a length instead
   = note: this reference to an unsized type contains metadata, which makes it incompatible with a C pointer

error: `extern` fn uses type `&[u8; 4]`, which is not FFI-safe
  --> $DIR/lint-ctypes-fn.rs:135:53
   |
LL | pub extern "C" fn argument_with_assumptions_4(aptr: &[u8; 4 as usize]) { }
   |                                                     ^^^^^^^^^^^^^^^^^ not FFI-safe
   |
   = help: consider using a raw pointer, or wrapping `&[u8; 4]` in an `Option<_>`
   = note: boxes and references are assumed to be valid (non-null, non-dangling, aligned) pointers,
           which cannot be garanteed if their values are produced by non-rust code

error: `extern` fn uses type `&mut StructWithProjectionAndLifetime<'_>`, which is not FFI-safe
  --> $DIR/lint-ctypes-fn.rs:140:50
   |
LL | pub extern "C" fn argument_with_assumptions_6(s: StructWithProjectionAndLifetime) { }
   |                                                  ^^^^^^^^^^^^^^^^^^^^^^^^^^^^^^^ not FFI-safe
   |
   = note: this struct/enum/union (`StructWithProjectionAndLifetime<'_>`) is FFI-unsafe due to a `&mut StructWithProjectionAndLifetime<'_>` field
note: the type is defined here
  --> $DIR/lint-ctypes-fn.rs:18:1
   |
LL | pub struct StructWithProjectionAndLifetime<'a>(
   | ^^^^^^^^^^^^^^^^^^^^^^^^^^^^^^^^^^^^^^^^^^^^^^
   = help: consider using a raw pointer, or wrapping `&mut StructWithProjectionAndLifetime<'_>` in an `Option<_>`
   = note: boxes and references are assumed to be valid (non-null, non-dangling, aligned) pointers,
           which cannot be garanteed if their values are produced by non-rust code

error: `extern` fn uses type `&TransparentInt`, which is not FFI-safe
  --> $DIR/lint-ctypes-fn.rs:159:51
   |
LL | pub extern "C" fn argument_with_assumptions_14(p: TransparentRef) { }
   |                                                   ^^^^^^^^^^^^^^ not FFI-safe
   |
   = help: consider using a raw pointer, or wrapping `&TransparentInt` in an `Option<_>`
   = note: boxes and references are assumed to be valid (non-null, non-dangling, aligned) pointers,
           which cannot be garanteed if their values are produced by non-rust code

error: `extern` fn uses type `PhantomData<bool>`, which is not FFI-safe
  --> $DIR/lint-ctypes-fn.rs:179:43
   |
LL | pub extern "C" fn unused_generic2<T>() -> PhantomData<bool> {
   |                                           ^^^^^^^^^^^^^^^^^ not FFI-safe
   |
   = note: composed only of `PhantomData`

error: `extern` fn uses type `Vec<T>`, which is not FFI-safe
  --> $DIR/lint-ctypes-fn.rs:192:39
   |
LL | pub extern "C" fn used_generic4<T>(x: Vec<T>) { }
   |                                       ^^^^^^ not FFI-safe
   |
   = help: consider adding a `#[repr(C)]` or `#[repr(transparent)]` attribute to this struct
   = note: this struct has unspecified layout

error: `extern` fn uses type `Vec<T>`, which is not FFI-safe
  --> $DIR/lint-ctypes-fn.rs:195:41
   |
LL | pub extern "C" fn used_generic5<T>() -> Vec<T> {
   |                                         ^^^^^^ not FFI-safe
   |
   = help: consider adding a `#[repr(C)]` or `#[repr(transparent)]` attribute to this struct
   = note: this struct has unspecified layout

error: aborting due to 24 previous errors

